============================= test session starts ==============================
platform darwin -- Python 3.6.2, pytest-5.3.1, py-1.8.1, pluggy-0.13.1 -- /Library/Frameworks/Python.framework/Versions/3.6/bin/python3
cachedir: .pytest_cache
benchmark: 3.2.2 (defaults: timer=time.perf_counter disable_gc=False min_rounds=5 min_time=0.000005 max_time=1.0 calibration_precision=10 warmup=False warmup_iterations=100000)
rootdir: /Users/noah/Documents/UROP/lightning/tests/plugins
plugins: flaky-3.6.1, benchmark-3.2.2, forked-1.0.2, timeout-1.3.3, xdist-1.29.0
collecting ... collected 2 items

test_spider.py::test_regressive 